[0.027s] Invoking command in '/home/ryanl/4231/MTRN4231_Project/build/ur5e_robot_config': /usr/bin/cmake /home/ryanl/4231/MTRN4231_Project/src/ur5e_robot_config -DCMAKE_INSTALL_PREFIX=/home/ryanl/4231/MTRN4231_Project/install/ur5e_robot_config
[0.104s] -- Found ament_cmake: 1.3.12 (/opt/ros/humble/share/ament_cmake/cmake)
[0.373s] -- Override CMake install command with custom implementation using symlinks instead of copying resources
[0.508s] Error parsing '/home/ryanl/4231/MTRN4231_Project/src/ur5e_robot_config/package.xml':
[0.618s] Traceback (most recent call last):
[0.619s]   File "/usr/lib/python3/dist-packages/catkin_pkg/package.py", line 610, in parse_package_string
[0.620s]     root = dom.parseString(data)
[0.620s]   File "/usr/lib/python3.10/xml/dom/minidom.py", line 2000, in parseString
[0.621s]     return expatbuilder.parseString(string)
[0.621s]   File "/usr/lib/python3.10/xml/dom/expatbuilder.py", line 925, in parseString
[0.622s]     return builder.parseString(string)
[0.622s]   File "/usr/lib/python3.10/xml/dom/expatbuilder.py", line 223, in parseString
[0.623s]     parser.Parse(string, True)
[0.623s] xml.parsers.expat.ExpatError: not well-formed (invalid token): line 1, column 22
[0.623s] 
[0.623s] During handling of the above exception, another exception occurred:
[0.623s] 
[0.624s] Traceback (most recent call last):
[0.624s]   File "/opt/ros/humble/share/ament_cmake_core/cmake/core/package_xml_2_cmake.py", line 150, in <module>
[0.624s]     main()
[0.624s]   File "/opt/ros/humble/share/ament_cmake_core/cmake/core/package_xml_2_cmake.py", line 53, in main
[0.624s]     raise e
[0.624s]   File "/opt/ros/humble/share/ament_cmake_core/cmake/core/package_xml_2_cmake.py", line 49, in main
[0.624s]     package = parse_package_string(
[0.624s]   File "/usr/lib/python3/dist-packages/catkin_pkg/package.py", line 612, in parse_package_string
[0.625s]     raise InvalidPackage('The manifest contains invalid XML:\n%s' % ex, filename)
[0.625s] catkin_pkg.package.InvalidPackage: Error(s) in package '/home/ryanl/4231/MTRN4231_Project/src/ur5e_robot_config/package.xml':
[0.625s] The manifest contains invalid XML:
[0.625s] not well-formed (invalid token): line 1, column 22
[0.654s] [31mCMake Error at /opt/ros/humble/share/ament_cmake_core/cmake/core/ament_package_xml.cmake:95 (message):
[0.654s]   execute_process(/usr/bin/python3
[0.654s]   /opt/ros/humble/share/ament_cmake_core/cmake/core/package_xml_2_cmake.py
[0.654s]   /home/ryanl/4231/MTRN4231_Project/src/ur5e_robot_config/package.xml
[0.655s]   /home/ryanl/4231/MTRN4231_Project/build/ur5e_robot_config/ament_cmake_core/package.cmake)
[0.655s]   returned error code 1
[0.655s] Call Stack (most recent call first):
[0.655s]   /opt/ros/humble/share/ament_cmake_core/cmake/core/ament_package_xml.cmake:49 (_ament_package_xml)
[0.655s]   /opt/ros/humble/share/ament_cmake_core/cmake/core/ament_package.cmake:63 (ament_package_xml)
[0.655s]   CMakeLists.txt:14 (ament_package)
[0.655s] 
[0.655s] [0m
[0.656s] -- Configuring incomplete, errors occurred!
[0.656s] See also "/home/ryanl/4231/MTRN4231_Project/build/ur5e_robot_config/CMakeFiles/CMakeOutput.log".
[0.663s] Invoked command in '/home/ryanl/4231/MTRN4231_Project/build/ur5e_robot_config' returned '1': /usr/bin/cmake /home/ryanl/4231/MTRN4231_Project/src/ur5e_robot_config -DCMAKE_INSTALL_PREFIX=/home/ryanl/4231/MTRN4231_Project/install/ur5e_robot_config
