[0.035s] Invoking command in '/home/ryanl/4231/MTRN4231_Project/build/ur5e_robot_config': /usr/bin/cmake /home/ryanl/4231/MTRN4231_Project/src/ur5e_robot_config -DCMAKE_INSTALL_PREFIX=/home/ryanl/4231/MTRN4231_Project/install/ur5e_robot_config
[0.111s] -- Found ament_cmake: 1.3.12 (/opt/ros/humble/share/ament_cmake/cmake)
[0.360s] -- Override CMake install command with custom implementation using symlinks instead of copying resources
[0.486s] Error parsing '/home/ryanl/4231/MTRN4231_Project/src/ur5e_robot_config/package.xml':
[0.580s] Traceback (most recent call last):
[0.580s]   File "/usr/lib/python3/dist-packages/catkin_pkg/package.py", line 610, in parse_package_string
[0.581s]     root = dom.parseString(data)
[0.581s]   File "/usr/lib/python3.10/xml/dom/minidom.py", line 2000, in parseString
[0.582s]     return expatbuilder.parseString(string)
[0.583s]   File "/usr/lib/python3.10/xml/dom/expatbuilder.py", line 925, in parseString
[0.583s]     return builder.parseString(string)
[0.584s]   File "/usr/lib/python3.10/xml/dom/expatbuilder.py", line 223, in parseString
[0.584s]     parser.Parse(string, True)
[0.584s] xml.parsers.expat.ExpatError: XML or text declaration not at start of entity: line 2, column 0
[0.585s] 
[0.585s] During handling of the above exception, another exception occurred:
[0.585s] 
[0.585s] Traceback (most recent call last):
[0.585s]   File "/opt/ros/humble/share/ament_cmake_core/cmake/core/package_xml_2_cmake.py", line 150, in <module>
[0.585s]     main()
[0.585s]   File "/opt/ros/humble/share/ament_cmake_core/cmake/core/package_xml_2_cmake.py", line 53, in main
[0.585s]     raise e
[0.585s]   File "/opt/ros/humble/share/ament_cmake_core/cmake/core/package_xml_2_cmake.py", line 49, in main
[0.586s]     package = parse_package_string(
[0.586s]   File "/usr/lib/python3/dist-packages/catkin_pkg/package.py", line 612, in parse_package_string
[0.586s]     raise InvalidPackage('The manifest contains invalid XML:\n%s' % ex, filename)
[0.586s] catkin_pkg.package.InvalidPackage: Error(s) in package '/home/ryanl/4231/MTRN4231_Project/src/ur5e_robot_config/package.xml':
[0.586s] The manifest contains invalid XML:
[0.586s] XML or text declaration not at start of entity: line 2, column 0
[0.614s] [31mCMake Error at /opt/ros/humble/share/ament_cmake_core/cmake/core/ament_package_xml.cmake:95 (message):
[0.614s]   execute_process(/usr/bin/python3
[0.614s]   /opt/ros/humble/share/ament_cmake_core/cmake/core/package_xml_2_cmake.py
[0.615s]   /home/ryanl/4231/MTRN4231_Project/src/ur5e_robot_config/package.xml
[0.615s]   /home/ryanl/4231/MTRN4231_Project/build/ur5e_robot_config/ament_cmake_core/package.cmake)
[0.615s]   returned error code 1
[0.615s] Call Stack (most recent call first):
[0.615s]   /opt/ros/humble/share/ament_cmake_core/cmake/core/ament_package_xml.cmake:49 (_ament_package_xml)
[0.615s]   /opt/ros/humble/share/ament_cmake_core/cmake/core/ament_package.cmake:63 (ament_package_xml)
[0.615s]   CMakeLists.txt:6 (ament_package)
[0.615s] 
[0.615s] [0m
[0.616s] -- Configuring incomplete, errors occurred!
[0.616s] See also "/home/ryanl/4231/MTRN4231_Project/build/ur5e_robot_config/CMakeFiles/CMakeOutput.log".
[0.623s] Invoked command in '/home/ryanl/4231/MTRN4231_Project/build/ur5e_robot_config' returned '1': /usr/bin/cmake /home/ryanl/4231/MTRN4231_Project/src/ur5e_robot_config -DCMAKE_INSTALL_PREFIX=/home/ryanl/4231/MTRN4231_Project/install/ur5e_robot_config
