[0.000000] (-) TimerEvent: {}
[0.000758] (arm_interfaces) JobQueued: {'identifier': 'arm_interfaces', 'dependencies': OrderedDict()}
[0.000853] (ur5e_robot_config) JobQueued: {'identifier': 'ur5e_robot_config', 'dependencies': OrderedDict()}
[0.000917] (arm_controller) JobQueued: {'identifier': 'arm_controller', 'dependencies': OrderedDict([('arm_interfaces', '/home/ryanl/4231/MTRN4231_Project/install/arm_interfaces')])}
[0.000949] (arm_interfaces) JobStarted: {'identifier': 'arm_interfaces'}
[0.017442] (ur5e_robot_config) JobStarted: {'identifier': 'ur5e_robot_config'}
[0.027012] (arm_interfaces) JobProgress: {'identifier': 'arm_interfaces', 'progress': 'cmake'}
[0.029182] (arm_interfaces) JobProgress: {'identifier': 'arm_interfaces', 'progress': 'build'}
[0.030628] (arm_interfaces) Command: {'cmd': ['/usr/bin/cmake', '--build', '/home/ryanl/4231/MTRN4231_Project/build/arm_interfaces', '--', '-j16', '-l16'], 'cwd': '/home/ryanl/4231/MTRN4231_Project/build/arm_interfaces', 'env': OrderedDict([('LESSOPEN', '| /usr/bin/lesspipe %s'), ('USER', 'ryanl'), ('ROS_PACKAGE_PATH', '/home/ryanl/4231/MTRN4231_Project/install/arm_interfaces/share'), ('GIT_ASKPASS', '/home/ryanl/.vscode-server/bin/7d842fb85a0275a4a8e4d7e040d2625abbf7f084/extensions/git/dist/askpass.sh'), ('SHLVL', '2'), ('LD_LIBRARY_PATH', '/home/ryanl/4231/MTRN4231_Project/install/arm_interfaces/lib:/opt/ros/humble/opt/rviz_ogre_vendor/lib:/opt/ros/humble/lib/x86_64-linux-gnu:/opt/ros/humble/lib'), ('MOTD_SHOWN', 'update-motd'), ('HOME', '/home/ryanl'), ('TERM_PROGRAM_VERSION', '1.105.1'), ('VSCODE_IPC_HOOK_CLI', '/run/user/1000/vscode-ipc-5cfae67a-74f8-49b3-8333-ffff410b5744.sock'), ('ROS_PYTHON_VERSION', '3'), ('VSCODE_GIT_ASKPASS_MAIN', '/home/ryanl/.vscode-server/bin/7d842fb85a0275a4a8e4d7e040d2625abbf7f084/extensions/git/dist/askpass-main.js'), ('VSCODE_GIT_ASKPASS_NODE', '/home/ryanl/.vscode-server/bin/7d842fb85a0275a4a8e4d7e040d2625abbf7f084/node'), ('VSCODE_PYTHON_AUTOACTIVATE_GUARD', '1'), ('DBUS_SESSION_BUS_ADDRESS', 'unix:path=/run/user/1000/bus'), ('COLORTERM', 'truecolor'), ('WSL_DISTRO_NAME', 'Ubuntu-22.04'), ('WAYLAND_DISPLAY', 'wayland-0'), ('COLCON_PREFIX_PATH', '/home/ryanl/4231/MTRN4231_Project/install'), ('ROS_DISTRO', 'humble'), ('LOGNAME', 'ryanl'), ('NAME', 'Code'), ('WSL_INTEROP', '/run/WSL/508_interop'), ('PULSE_SERVER', 'unix:/mnt/wslg/PulseServer'), ('_', '/usr/bin/colcon'), ('ROS_VERSION', '2'), ('PKG_CONFIG_PATH', '/home/ryanl/4231/MTRN4231_Project/install/arm_interfaces/lib/x86_64-linux-gnu/pkgconfig:/home/ryanl/4231/MTRN4231_Project/install/arm_interfaces/lib/pkgconfig'), ('TERM', 'xterm-256color'), ('ROS_LOCALHOST_ONLY', '0'), ('PATH', '/home/ryanl/.vscode-server/bin/7d842fb85a0275a4a8e4d7e040d2625abbf7f084/bin/remote-cli:/home/ryanl/.local/bin:/opt/ros/humble/bin:/usr/local/sbin:/usr/local/bin:/usr/sbin:/usr/bin:/sbin:/bin:/usr/games:/usr/local/games:/usr/lib/wsl/lib:/mnt/c/Program Files/WindowsApps/MicrosoftCorporationII.WindowsSubsystemForLinux_2.6.1.0_x64__8wekyb3d8bbwe:/mnt/c/MCC:/mnt/c/Program Files/Eclipse Adoptium/jdk-11.0.20.101-hotspot/bin:/mnt/c/WINDOWS/system32:/mnt/c/WINDOWS:/mnt/c/WINDOWS/System32/Wbem:/mnt/c/WINDOWS/System32/WindowsPowerShell/v1.0/:/mnt/c/WINDOWS/System32/OpenSSH/:/mnt/c/Program Files/nodejs/:/mnt/c/Program Files/Microsoft SQL Server/Client SDK/ODBC/170/Tools/Binn/:/mnt/c/Program Files (x86)/Microsoft SQL Server/150/Tools/Binn/:/mnt/c/Program Files/Microsoft SQL Server/150/Tools/Binn/:/mnt/c/Program Files/Microsoft SQL Server/150/DTS/Binn/:/mnt/c/Program Files (x86)/Windows Kits/8.1/Windows Performance Toolkit/:/mnt/c/Program Files/MATLAB/R2024b/bin:/mnt/c/Program Files/dotnet/:/mnt/c/Program Files (x86)/Windows Kits/10/Windows Performance Toolkit/:/mnt/c/Gradle/bin:/mnt/c/Program Files (x86)/STMicroelectronics/STM32 ST-LINK Utility/ST-LINK Utility:/mnt/c/Program Files/PuTTY/:/mnt/c/Program Files (x86)/IVI Foundation/VISA/WinNT/Bin/:/mnt/c/Program Files/IVI Foundation/VISA/Win64/Bin/:/mnt/c/Program Files (x86)/IVI Foundation/VISA/WinNT/Bin:/mnt/c/Program Files/usbipd-win/:/mnt/c/Program Files/Tailscale/:/mnt/c/Program Files/Netbird:/mnt/c/Program Files/Git/cmd:/mnt/c/Users/ryanl/AppData/Local/Programs/Python/Python311/Scripts/:/mnt/c/Users/ryanl/AppData/Local/Programs/Python/Python311/:/mnt/c/Users/ryanl/AppData/Local/Microsoft/WindowsApps:/mnt/c/Users/ryanl/AppData/Local/Programs/Microsoft VS Code/bin:/mnt/c/Users/ryanl/AppData/Roaming/npm:/mnt/c/opencv/build/x64/vc16/bin:/mnt/c/Users/ryanl/AppData/Local/GitHubDesktop/bin:/mnt/c/Users/ryanl/AppData/Local/Programs/MiKTeX/miktex/bin/x64/:/mnt/c/Users/ryanl/.dotnet/tools:/snap/bin:/home/ryanl/.vscode-server/data/User/globalStorage/github.copilot-chat/debugCommand'), ('XDG_RUNTIME_DIR', '/run/user/1000/'), ('DISPLAY', ':0'), ('LANG', 'C.UTF-8'), ('LS_COLORS', 'rs=0:di=01;34:ln=01;36:mh=00:pi=40;33:so=01;35:do=01;35:bd=40;33;01:cd=40;33;01:or=40;31;01:mi=00:su=37;41:sg=30;43:ca=30;41:tw=30;42:ow=34;42:st=37;44:ex=01;32:*.tar=01;31:*.tgz=01;31:*.arc=01;31:*.arj=01;31:*.taz=01;31:*.lha=01;31:*.lz4=01;31:*.lzh=01;31:*.lzma=01;31:*.tlz=01;31:*.txz=01;31:*.tzo=01;31:*.t7z=01;31:*.zip=01;31:*.z=01;31:*.dz=01;31:*.gz=01;31:*.lrz=01;31:*.lz=01;31:*.lzo=01;31:*.xz=01;31:*.zst=01;31:*.tzst=01;31:*.bz2=01;31:*.bz=01;31:*.tbz=01;31:*.tbz2=01;31:*.tz=01;31:*.deb=01;31:*.rpm=01;31:*.jar=01;31:*.war=01;31:*.ear=01;31:*.sar=01;31:*.rar=01;31:*.alz=01;31:*.ace=01;31:*.zoo=01;31:*.cpio=01;31:*.7z=01;31:*.rz=01;31:*.cab=01;31:*.wim=01;31:*.swm=01;31:*.dwm=01;31:*.esd=01;31:*.jpg=01;35:*.jpeg=01;35:*.mjpg=01;35:*.mjpeg=01;35:*.gif=01;35:*.bmp=01;35:*.pbm=01;35:*.pgm=01;35:*.ppm=01;35:*.tga=01;35:*.xbm=01;35:*.xpm=01;35:*.tif=01;35:*.tiff=01;35:*.png=01;35:*.svg=01;35:*.svgz=01;35:*.mng=01;35:*.pcx=01;35:*.mov=01;35:*.mpg=01;35:*.mpeg=01;35:*.m2v=01;35:*.mkv=01;35:*.webm=01;35:*.webp=01;35:*.ogm=01;35:*.mp4=01;35:*.m4v=01;35:*.mp4v=01;35:*.vob=01;35:*.qt=01;35:*.nuv=01;35:*.wmv=01;35:*.asf=01;35:*.rm=01;35:*.rmvb=01;35:*.flc=01;35:*.avi=01;35:*.fli=01;35:*.flv=01;35:*.gl=01;35:*.dl=01;35:*.xcf=01;35:*.xwd=01;35:*.yuv=01;35:*.cgm=01;35:*.emf=01;35:*.ogv=01;35:*.ogx=01;35:*.aac=00;36:*.au=00;36:*.flac=00;36:*.m4a=00;36:*.mid=00;36:*.midi=00;36:*.mka=00;36:*.mp3=00;36:*.mpc=00;36:*.ogg=00;36:*.ra=00;36:*.wav=00;36:*.oga=00;36:*.opus=00;36:*.spx=00;36:*.xspf=00;36:'), ('VSCODE_GIT_IPC_HANDLE', '/run/user/1000/vscode-git-14419cdd9e.sock'), ('TERM_PROGRAM', 'vscode'), ('AMENT_PREFIX_PATH', '/home/ryanl/4231/MTRN4231_Project/install/ur5e_robot_config:/home/ryanl/4231/MTRN4231_Project/install/arm_controller:/opt/ros/humble'), ('SHELL', '/bin/bash'), ('LESSCLOSE', '/usr/bin/lesspipe %s %s'), ('VSCODE_GIT_ASKPASS_EXTRA_ARGS', ''), ('PWD', '/home/ryanl/4231/MTRN4231_Project/build/arm_interfaces'), ('XDG_DATA_DIRS', '/usr/local/share:/usr/share:/var/lib/snapd/desktop'), ('PYTHONPATH', '/home/ryanl/4231/MTRN4231_Project/install/arm_interfaces/local/lib/python3.10/dist-packages:/opt/ros/humble/lib/python3.10/site-packages:/opt/ros/humble/local/lib/python3.10/dist-packages'), ('COLCON', '1'), ('WSL2_GUI_APPS_ENABLED', '1'), ('HOSTTYPE', 'x86_64'), ('CMAKE_PREFIX_PATH', '/home/ryanl/4231/MTRN4231_Project/install/ur5e_robot_config:/home/ryanl/4231/MTRN4231_Project/install/arm_controller:/home/ryanl/4231/MTRN4231_Project/install/arm_interfaces'), ('WSLENV', 'ELECTRON_RUN_AS_NODE/w:')]), 'shell': False}
[0.038870] (ur5e_robot_config) JobProgress: {'identifier': 'ur5e_robot_config', 'progress': 'cmake'}
[0.041601] (ur5e_robot_config) Command: {'cmd': ['/usr/bin/cmake', '/home/ryanl/4231/MTRN4231_Project/src/ur5e_robot_config', '-DCMAKE_INSTALL_PREFIX=/home/ryanl/4231/MTRN4231_Project/install/ur5e_robot_config'], 'cwd': '/home/ryanl/4231/MTRN4231_Project/build/ur5e_robot_config', 'env': OrderedDict([('LESSOPEN', '| /usr/bin/lesspipe %s'), ('USER', 'ryanl'), ('ROS_PACKAGE_PATH', '/home/ryanl/4231/MTRN4231_Project/install/arm_interfaces/share'), ('GIT_ASKPASS', '/home/ryanl/.vscode-server/bin/7d842fb85a0275a4a8e4d7e040d2625abbf7f084/extensions/git/dist/askpass.sh'), ('SHLVL', '2'), ('LD_LIBRARY_PATH', '/home/ryanl/4231/MTRN4231_Project/install/arm_interfaces/lib:/opt/ros/humble/opt/rviz_ogre_vendor/lib:/opt/ros/humble/lib/x86_64-linux-gnu:/opt/ros/humble/lib'), ('MOTD_SHOWN', 'update-motd'), ('HOME', '/home/ryanl'), ('TERM_PROGRAM_VERSION', '1.105.1'), ('VSCODE_IPC_HOOK_CLI', '/run/user/1000/vscode-ipc-5cfae67a-74f8-49b3-8333-ffff410b5744.sock'), ('ROS_PYTHON_VERSION', '3'), ('VSCODE_GIT_ASKPASS_MAIN', '/home/ryanl/.vscode-server/bin/7d842fb85a0275a4a8e4d7e040d2625abbf7f084/extensions/git/dist/askpass-main.js'), ('VSCODE_GIT_ASKPASS_NODE', '/home/ryanl/.vscode-server/bin/7d842fb85a0275a4a8e4d7e040d2625abbf7f084/node'), ('VSCODE_PYTHON_AUTOACTIVATE_GUARD', '1'), ('DBUS_SESSION_BUS_ADDRESS', 'unix:path=/run/user/1000/bus'), ('COLORTERM', 'truecolor'), ('WSL_DISTRO_NAME', 'Ubuntu-22.04'), ('WAYLAND_DISPLAY', 'wayland-0'), ('COLCON_PREFIX_PATH', '/home/ryanl/4231/MTRN4231_Project/install'), ('ROS_DISTRO', 'humble'), ('LOGNAME', 'ryanl'), ('NAME', 'Code'), ('WSL_INTEROP', '/run/WSL/508_interop'), ('PULSE_SERVER', 'unix:/mnt/wslg/PulseServer'), ('_', '/usr/bin/colcon'), ('ROS_VERSION', '2'), ('PKG_CONFIG_PATH', '/home/ryanl/4231/MTRN4231_Project/install/arm_interfaces/lib/x86_64-linux-gnu/pkgconfig:/home/ryanl/4231/MTRN4231_Project/install/arm_interfaces/lib/pkgconfig'), ('TERM', 'xterm-256color'), ('ROS_LOCALHOST_ONLY', '0'), ('PATH', '/home/ryanl/.vscode-server/bin/7d842fb85a0275a4a8e4d7e040d2625abbf7f084/bin/remote-cli:/home/ryanl/.local/bin:/opt/ros/humble/bin:/usr/local/sbin:/usr/local/bin:/usr/sbin:/usr/bin:/sbin:/bin:/usr/games:/usr/local/games:/usr/lib/wsl/lib:/mnt/c/Program Files/WindowsApps/MicrosoftCorporationII.WindowsSubsystemForLinux_2.6.1.0_x64__8wekyb3d8bbwe:/mnt/c/MCC:/mnt/c/Program Files/Eclipse Adoptium/jdk-11.0.20.101-hotspot/bin:/mnt/c/WINDOWS/system32:/mnt/c/WINDOWS:/mnt/c/WINDOWS/System32/Wbem:/mnt/c/WINDOWS/System32/WindowsPowerShell/v1.0/:/mnt/c/WINDOWS/System32/OpenSSH/:/mnt/c/Program Files/nodejs/:/mnt/c/Program Files/Microsoft SQL Server/Client SDK/ODBC/170/Tools/Binn/:/mnt/c/Program Files (x86)/Microsoft SQL Server/150/Tools/Binn/:/mnt/c/Program Files/Microsoft SQL Server/150/Tools/Binn/:/mnt/c/Program Files/Microsoft SQL Server/150/DTS/Binn/:/mnt/c/Program Files (x86)/Windows Kits/8.1/Windows Performance Toolkit/:/mnt/c/Program Files/MATLAB/R2024b/bin:/mnt/c/Program Files/dotnet/:/mnt/c/Program Files (x86)/Windows Kits/10/Windows Performance Toolkit/:/mnt/c/Gradle/bin:/mnt/c/Program Files (x86)/STMicroelectronics/STM32 ST-LINK Utility/ST-LINK Utility:/mnt/c/Program Files/PuTTY/:/mnt/c/Program Files (x86)/IVI Foundation/VISA/WinNT/Bin/:/mnt/c/Program Files/IVI Foundation/VISA/Win64/Bin/:/mnt/c/Program Files (x86)/IVI Foundation/VISA/WinNT/Bin:/mnt/c/Program Files/usbipd-win/:/mnt/c/Program Files/Tailscale/:/mnt/c/Program Files/Netbird:/mnt/c/Program Files/Git/cmd:/mnt/c/Users/ryanl/AppData/Local/Programs/Python/Python311/Scripts/:/mnt/c/Users/ryanl/AppData/Local/Programs/Python/Python311/:/mnt/c/Users/ryanl/AppData/Local/Microsoft/WindowsApps:/mnt/c/Users/ryanl/AppData/Local/Programs/Microsoft VS Code/bin:/mnt/c/Users/ryanl/AppData/Roaming/npm:/mnt/c/opencv/build/x64/vc16/bin:/mnt/c/Users/ryanl/AppData/Local/GitHubDesktop/bin:/mnt/c/Users/ryanl/AppData/Local/Programs/MiKTeX/miktex/bin/x64/:/mnt/c/Users/ryanl/.dotnet/tools:/snap/bin:/home/ryanl/.vscode-server/data/User/globalStorage/github.copilot-chat/debugCommand'), ('XDG_RUNTIME_DIR', '/run/user/1000/'), ('DISPLAY', ':0'), ('LANG', 'C.UTF-8'), ('LS_COLORS', 'rs=0:di=01;34:ln=01;36:mh=00:pi=40;33:so=01;35:do=01;35:bd=40;33;01:cd=40;33;01:or=40;31;01:mi=00:su=37;41:sg=30;43:ca=30;41:tw=30;42:ow=34;42:st=37;44:ex=01;32:*.tar=01;31:*.tgz=01;31:*.arc=01;31:*.arj=01;31:*.taz=01;31:*.lha=01;31:*.lz4=01;31:*.lzh=01;31:*.lzma=01;31:*.tlz=01;31:*.txz=01;31:*.tzo=01;31:*.t7z=01;31:*.zip=01;31:*.z=01;31:*.dz=01;31:*.gz=01;31:*.lrz=01;31:*.lz=01;31:*.lzo=01;31:*.xz=01;31:*.zst=01;31:*.tzst=01;31:*.bz2=01;31:*.bz=01;31:*.tbz=01;31:*.tbz2=01;31:*.tz=01;31:*.deb=01;31:*.rpm=01;31:*.jar=01;31:*.war=01;31:*.ear=01;31:*.sar=01;31:*.rar=01;31:*.alz=01;31:*.ace=01;31:*.zoo=01;31:*.cpio=01;31:*.7z=01;31:*.rz=01;31:*.cab=01;31:*.wim=01;31:*.swm=01;31:*.dwm=01;31:*.esd=01;31:*.jpg=01;35:*.jpeg=01;35:*.mjpg=01;35:*.mjpeg=01;35:*.gif=01;35:*.bmp=01;35:*.pbm=01;35:*.pgm=01;35:*.ppm=01;35:*.tga=01;35:*.xbm=01;35:*.xpm=01;35:*.tif=01;35:*.tiff=01;35:*.png=01;35:*.svg=01;35:*.svgz=01;35:*.mng=01;35:*.pcx=01;35:*.mov=01;35:*.mpg=01;35:*.mpeg=01;35:*.m2v=01;35:*.mkv=01;35:*.webm=01;35:*.webp=01;35:*.ogm=01;35:*.mp4=01;35:*.m4v=01;35:*.mp4v=01;35:*.vob=01;35:*.qt=01;35:*.nuv=01;35:*.wmv=01;35:*.asf=01;35:*.rm=01;35:*.rmvb=01;35:*.flc=01;35:*.avi=01;35:*.fli=01;35:*.flv=01;35:*.gl=01;35:*.dl=01;35:*.xcf=01;35:*.xwd=01;35:*.yuv=01;35:*.cgm=01;35:*.emf=01;35:*.ogv=01;35:*.ogx=01;35:*.aac=00;36:*.au=00;36:*.flac=00;36:*.m4a=00;36:*.mid=00;36:*.midi=00;36:*.mka=00;36:*.mp3=00;36:*.mpc=00;36:*.ogg=00;36:*.ra=00;36:*.wav=00;36:*.oga=00;36:*.opus=00;36:*.spx=00;36:*.xspf=00;36:'), ('VSCODE_GIT_IPC_HANDLE', '/run/user/1000/vscode-git-14419cdd9e.sock'), ('TERM_PROGRAM', 'vscode'), ('AMENT_PREFIX_PATH', '/home/ryanl/4231/MTRN4231_Project/install/ur5e_robot_config:/home/ryanl/4231/MTRN4231_Project/install/arm_controller:/opt/ros/humble'), ('SHELL', '/bin/bash'), ('LESSCLOSE', '/usr/bin/lesspipe %s %s'), ('VSCODE_GIT_ASKPASS_EXTRA_ARGS', ''), ('PWD', '/home/ryanl/4231/MTRN4231_Project/build/ur5e_robot_config'), ('XDG_DATA_DIRS', '/usr/local/share:/usr/share:/var/lib/snapd/desktop'), ('PYTHONPATH', '/home/ryanl/4231/MTRN4231_Project/install/arm_interfaces/local/lib/python3.10/dist-packages:/opt/ros/humble/lib/python3.10/site-packages:/opt/ros/humble/local/lib/python3.10/dist-packages'), ('COLCON', '1'), ('WSL2_GUI_APPS_ENABLED', '1'), ('HOSTTYPE', 'x86_64'), ('CMAKE_PREFIX_PATH', '/home/ryanl/4231/MTRN4231_Project/install/ur5e_robot_config:/home/ryanl/4231/MTRN4231_Project/install/arm_controller:/home/ryanl/4231/MTRN4231_Project/install/arm_interfaces'), ('WSLENV', 'ELECTRON_RUN_AS_NODE/w:')]), 'shell': False}
[0.098475] (-) TimerEvent: {}
[0.120878] (ur5e_robot_config) StdoutLine: {'line': b'-- Found ament_cmake: 1.3.12 (/opt/ros/humble/share/ament_cmake/cmake)\n'}
[0.198769] (-) TimerEvent: {}
[0.204912] (arm_interfaces) StdoutLine: {'line': b'[  3%] Built target arm_interfaces__cpp\n'}
[0.205914] (arm_interfaces) StdoutLine: {'line': b'[ 12%] Built target arm_interfaces__rosidl_generator_c\n'}
[0.240988] (arm_interfaces) StdoutLine: {'line': b'[ 12%] Built target ament_cmake_python_copy_arm_interfaces\n'}
[0.266125] (arm_interfaces) StdoutLine: {'line': b'[ 41%] Built target arm_interfaces__rosidl_typesupport_cpp\n'}
[0.266493] (arm_interfaces) StdoutLine: {'line': b'[ 41%] Built target arm_interfaces__rosidl_typesupport_introspection_cpp\n'}
[0.266682] (arm_interfaces) StdoutLine: {'line': b'[ 41%] Built target arm_interfaces__rosidl_typesupport_fastrtps_cpp\n'}
[0.293135] (arm_interfaces) StdoutLine: {'line': b'[ 51%] Built target arm_interfaces__rosidl_typesupport_introspection_c\n'}
[0.293942] (arm_interfaces) StdoutLine: {'line': b'[ 61%] Built target arm_interfaces__rosidl_typesupport_c\n'}
[0.295406] (arm_interfaces) StdoutLine: {'line': b'[ 70%] Built target arm_interfaces__rosidl_typesupport_fastrtps_c\n'}
[0.298919] (-) TimerEvent: {}
[0.341358] (arm_interfaces) StdoutLine: {'line': b'[ 70%] Built target arm_interfaces\n'}
[0.388772] (arm_interfaces) StdoutLine: {'line': b'[ 74%] Built target arm_interfaces__py\n'}
[0.390381] (ur5e_robot_config) StdoutLine: {'line': b'-- Override CMake install command with custom implementation using symlinks instead of copying resources\n'}
[0.399250] (-) TimerEvent: {}
[0.439709] (arm_interfaces) StdoutLine: {'line': b'[ 80%] Built target arm_interfaces__rosidl_generator_py\n'}
[0.490132] (arm_interfaces) StdoutLine: {'line': b'[ 87%] Built target arm_interfaces__rosidl_typesupport_c__pyext\n'}
[0.490618] (arm_interfaces) StdoutLine: {'line': b'[ 93%] Built target arm_interfaces__rosidl_typesupport_fastrtps_c__pyext\n'}
[0.495704] (arm_interfaces) StdoutLine: {'line': b'[100%] Built target arm_interfaces__rosidl_typesupport_introspection_c__pyext\n'}
[0.499458] (-) TimerEvent: {}
[0.524884] (ur5e_robot_config) StderrLine: {'line': b"Error parsing '/home/ryanl/4231/MTRN4231_Project/src/ur5e_robot_config/package.xml':\n"}
[0.600603] (-) TimerEvent: {}
[0.635611] (ur5e_robot_config) StderrLine: {'line': b'Traceback (most recent call last):\n'}
[0.635926] (ur5e_robot_config) StderrLine: {'line': b'  File "/usr/lib/python3/dist-packages/catkin_pkg/package.py", line 610, in parse_package_string\n'}
[0.637085] (ur5e_robot_config) StderrLine: {'line': b'    root = dom.parseString(data)\n'}
[0.637340] (ur5e_robot_config) StderrLine: {'line': b'  File "/usr/lib/python3.10/xml/dom/minidom.py", line 2000, in parseString\n'}
[0.638303] (ur5e_robot_config) StderrLine: {'line': b'    return expatbuilder.parseString(string)\n'}
[0.638500] (ur5e_robot_config) StderrLine: {'line': b'  File "/usr/lib/python3.10/xml/dom/expatbuilder.py", line 925, in parseString\n'}
[0.639188] (ur5e_robot_config) StderrLine: {'line': b'    return builder.parseString(string)\n'}
[0.639465] (ur5e_robot_config) StderrLine: {'line': b'  File "/usr/lib/python3.10/xml/dom/expatbuilder.py", line 223, in parseString\n'}
[0.639915] (ur5e_robot_config) StderrLine: {'line': b'    parser.Parse(string, True)\n'}
[0.640204] (ur5e_robot_config) StderrLine: {'line': b'xml.parsers.expat.ExpatError: not well-formed (invalid token): line 1, column 22\n'}
[0.640527] (ur5e_robot_config) StderrLine: {'line': b'\n'}
[0.640845] (ur5e_robot_config) StderrLine: {'line': b'During handling of the above exception, another exception occurred:\n'}
[0.640945] (ur5e_robot_config) StderrLine: {'line': b'\n'}
[0.641025] (ur5e_robot_config) StderrLine: {'line': b'Traceback (most recent call last):\n'}
[0.641119] (ur5e_robot_config) StderrLine: {'line': b'  File "/opt/ros/humble/share/ament_cmake_core/cmake/core/package_xml_2_cmake.py", line 150, in <module>\n'}
[0.641242] (ur5e_robot_config) StderrLine: {'line': b'    main()\n'}
[0.641366] (ur5e_robot_config) StderrLine: {'line': b'  File "/opt/ros/humble/share/ament_cmake_core/cmake/core/package_xml_2_cmake.py", line 53, in main\n'}
[0.641496] (ur5e_robot_config) StderrLine: {'line': b'    raise e\n'}
[0.641625] (ur5e_robot_config) StderrLine: {'line': b'  File "/opt/ros/humble/share/ament_cmake_core/cmake/core/package_xml_2_cmake.py", line 49, in main\n'}
[0.641753] (ur5e_robot_config) StderrLine: {'line': b'    package = parse_package_string(\n'}
[0.641883] (ur5e_robot_config) StderrLine: {'line': b'  File "/usr/lib/python3/dist-packages/catkin_pkg/package.py", line 612, in parse_package_string\n'}
[0.642010] (ur5e_robot_config) StderrLine: {'line': b"    raise InvalidPackage('The manifest contains invalid XML:\\n%s' % ex, filename)\n"}
[0.642137] (ur5e_robot_config) StderrLine: {'line': b"catkin_pkg.package.InvalidPackage: Error(s) in package '/home/ryanl/4231/MTRN4231_Project/src/ur5e_robot_config/package.xml':\n"}
[0.642272] (ur5e_robot_config) StderrLine: {'line': b'The manifest contains invalid XML:\n'}
[0.642398] (ur5e_robot_config) StderrLine: {'line': b'not well-formed (invalid token): line 1, column 22\n'}
[0.671118] (ur5e_robot_config) StderrLine: {'line': b'\x1b[31mCMake Error at /opt/ros/humble/share/ament_cmake_core/cmake/core/ament_package_xml.cmake:95 (message):\n'}
[0.671477] (ur5e_robot_config) StderrLine: {'line': b'  execute_process(/usr/bin/python3\n'}
[0.671745] (ur5e_robot_config) StderrLine: {'line': b'  /opt/ros/humble/share/ament_cmake_core/cmake/core/package_xml_2_cmake.py\n'}
[0.671891] (ur5e_robot_config) StderrLine: {'line': b'  /home/ryanl/4231/MTRN4231_Project/src/ur5e_robot_config/package.xml\n'}
[0.672003] (ur5e_robot_config) StderrLine: {'line': b'  /home/ryanl/4231/MTRN4231_Project/build/ur5e_robot_config/ament_cmake_core/package.cmake)\n'}
[0.672111] (ur5e_robot_config) StderrLine: {'line': b'  returned error code 1\n'}
[0.672212] (ur5e_robot_config) StderrLine: {'line': b'Call Stack (most recent call first):\n'}
[0.672372] (ur5e_robot_config) StderrLine: {'line': b'  /opt/ros/humble/share/ament_cmake_core/cmake/core/ament_package_xml.cmake:49 (_ament_package_xml)\n'}
[0.672479] (ur5e_robot_config) StderrLine: {'line': b'  /opt/ros/humble/share/ament_cmake_core/cmake/core/ament_package.cmake:63 (ament_package_xml)\n'}
[0.672592] (ur5e_robot_config) StderrLine: {'line': b'  CMakeLists.txt:14 (ament_package)\n'}
[0.672689] (ur5e_robot_config) StderrLine: {'line': b'\n'}
[0.672791] (ur5e_robot_config) StderrLine: {'line': b'\x1b[0m\n'}
[0.672933] (ur5e_robot_config) StdoutLine: {'line': b'-- Configuring incomplete, errors occurred!\n'}
[0.673112] (ur5e_robot_config) StdoutLine: {'line': b'See also "/home/ryanl/4231/MTRN4231_Project/build/ur5e_robot_config/CMakeFiles/CMakeOutput.log".\n'}
[0.679966] (ur5e_robot_config) CommandEnded: {'returncode': 1}
[0.681823] (ur5e_robot_config) JobEnded: {'identifier': 'ur5e_robot_config', 'rc': 1}
[0.700797] (-) TimerEvent: {}
[0.709699] (arm_interfaces) StdoutLine: {'line': b'running egg_info\n'}
[0.711847] (arm_interfaces) StdoutLine: {'line': b'writing arm_interfaces.egg-info/PKG-INFO\n'}
[0.712528] (arm_interfaces) StdoutLine: {'line': b'writing dependency_links to arm_interfaces.egg-info/dependency_links.txt\n'}
[0.713166] (arm_interfaces) StdoutLine: {'line': b'writing top-level names to arm_interfaces.egg-info/top_level.txt\n'}
[0.727946] (arm_interfaces) StdoutLine: {'line': b"reading manifest file 'arm_interfaces.egg-info/SOURCES.txt'\n"}
[0.729220] (arm_interfaces) StdoutLine: {'line': b"writing manifest file 'arm_interfaces.egg-info/SOURCES.txt'\n"}
[0.784853] (arm_interfaces) StdoutLine: {'line': b'[100%] Built target ament_cmake_python_build_arm_interfaces_egg\n'}
[0.801159] (-) TimerEvent: {}
[0.810162] (arm_interfaces) JobEnded: {'identifier': 'arm_interfaces', 'rc': 'SIGINT'}
[0.821698] (arm_controller) JobSkipped: {'identifier': 'arm_controller'}
[0.821904] (-) EventReactorShutdown: {}
